Microchip MPLAB XC8 Compiler V2.05 ()

Linker command line:

-W-3 --edf=/Applications/microchip/xc8/v2.05/pic/dat/en_msgs.txt -cs \
  -h+dist/default/production/Lab6.X.production.sym \
  --cmf=dist/default/production/Lab6.X.production.cmf -z -Q18F87K22 \
  -o/tmp/xct2P78Zr --defsym=__MPLAB_BUILD=1 \
  -Mdist/default/production/Lab6.X.production.map -E1 -ver=XC8 --acfsm=1493 \
  -ASTACK=060h-0F15h -pstack=STACK -ACODE=00h-01FFFFh -ACONST=00h-01FFFFh \
  -ASMALLCONST=01000h-010FFhx496 \
  -AMEDIUMCONST=01000h-0FFFFh,011000h-01FFFFh -ACOMRAM=01h-05Fh \
  -AABS1=00h-0F15h -ABIGRAM=01h-0F15h \
  -ARAM=060h-0FFh,0100h-01FFhx14,0F00h-0F15h -ABANK0=060h-0FFh \
  -ABANK1=0100h-01FFh -ABANK2=0200h-02FFh -ABANK3=0300h-03FFh \
  -ABANK4=0400h-04FFh -ABANK5=0500h-05FFh -ABANK6=0600h-06FFh \
  -ABANK7=0700h-07FFh -ABANK8=0800h-08FFh -ABANK9=0900h-09FFh \
  -ABANK10=0A00h-0AFFh -ABANK11=0B00h-0BFFh -ABANK12=0C00h-0CFFh \
  -ABANK13=0D00h-0DFFh -ABANK14=0E00h-0EFFh -ABANK15=0F00h-0F15h \
  -ASFR=0F16h-0F5Fh,0F60h-0FFFh \
  -preset_vec=00h,intcode=08h,intcodelo=018h,powerup,init -pramtop=01000h \
  -psmallconst=SMALLCONST -pmediumconst=MEDIUMCONST -pconst=CONST \
  -AFARRAM=00h-00h -ACONFIG=0300000h-030000Dh -pconfig=CONFIG \
  -AIDLOC=0200000h-0200007h -pidloc=IDLOC -AEEDATA=0F00000h-0F003FFh \
  -peeprom_data=EEDATA \
  -prdata=COMRAM,nvrram=COMRAM,nvbit=COMRAM,rbss=COMRAM,rbit=COMRAM \
  -pfarbss=FARRAM,fardata=FARRAM,nvFARRAM=FARRAM \
  -pintsave_regs=BIGRAM,bigbss=BIGRAM,bigdata=BIGRAM -pbss=RAM \
  -pidata=CODE,irdata=CODE,ibigdata=CODE,ifardata=CODE -prparam=COMRAM \
  /tmp/xcxKhDpRL.o dist/default/production/Lab6.X.production.o 

Object code version is 3.11

Machine type is 18F87K22

Call graph: (short form)




                Name                               Link     Load   Length Selector   Space Scale
/tmp/xcxKhDpRL.o
                init                                 40       40        4        C       0
                reset_vec                             0        0        4        0       0
                idloc                            200000   200000        8   200000       0
                config                           300000   300000        E   300000       0
dist/default/production/Lab6.X.production.o
                intcodelo                            18       18       28        C       0
                intcode                               8        8        6        4       0
                temp                                 24       24        1        1       1
                smallconst                         1000     1000       14      800       0
                intcode_body                       128E     128E        4      80A       0
                text7                              125E     125E       22      80A       0
                text5                              1140     1140       90      80A       0
                text4                              1206     1206       36      80A       0
                text3                              123C     123C       22      80A       0
                text2                              1014     1014       98      80A       0
                text1                              10AC     10AC       94      80A       0
                text0                              1288     1288        6      80A       0
                cstackCOMRAM                          1        1       19        1       1
                dataCOMRAM                           1A       1A        8        1       1
                bssCOMRAM                            22       22        2        1       1
                cinit                              11D0     11D0       36      80A       0
                idataCOMRAM                        1280     1280        8      80A       0

TOTAL           Name                               Link     Load   Length     Space
        CLASS   STACK          

        CLASS   CODE           
                intcodelo                            18       18       28         0
                intcode                               8        8        6         0
                init                                 40       40        4         0
                reset_vec                             0        0        4         0
                intcode_body                       128E     128E        4         0
                text7                              125E     125E       22         0
                text5                              1140     1140       90         0
                text4                              1206     1206       36         0
                text3                              123C     123C       22         0
                text2                              1014     1014       98         0
                text1                              10AC     10AC       94         0
                text0                              1288     1288        6         0
                cinit                              11D0     11D0       36         0
                idataCOMRAM                        1280     1280        8         0

        CLASS   CONST          

        CLASS   SMALLCONST     
                smallconst                         1000     1000       14         0

        CLASS   MEDIUMCONST    

        CLASS   COMRAM         
                temp                                 24       24        1         1
                cstackCOMRAM                          1        1       19         1
                dataCOMRAM                           1A       1A        8         1
                bssCOMRAM                            22       22        2         1

        CLASS   ABS1           

        CLASS   BIGRAM         

        CLASS   RAM            

        CLASS   BANK0          

        CLASS   BANK1          

        CLASS   BANK2          

        CLASS   BANK3          

        CLASS   BANK4          

        CLASS   BANK5          

        CLASS   BANK6          

        CLASS   BANK7          

        CLASS   BANK8          

        CLASS   BANK9          

        CLASS   BANK10         

        CLASS   BANK11         

        CLASS   BANK12         

        CLASS   BANK13         

        CLASS   BANK14         

        CLASS   BANK15         

        CLASS   SFR            

        CLASS   FARRAM         

        CLASS   CONFIG         
                config                           300000   300000        E         0

        CLASS   IDLOC          
                idloc                            200000   200000        8         0

        CLASS   EEDATA         



SEGMENTS        Name                           Load    Length   Top    Selector   Space  Class

                text2                          001014  00027E  001292       80A       0  CODE    
                config                         300000  00000E  30000E    300000       0  CONFIG  
                reset_vec                      000000  000004  000004         0       0  CODE    
                intcode                        000008  000006  00000E         4       0  CODE    
                intcodelo                      000018  00002C  000044         C       0  CODE    
                smallconst                     001000  000014  001014       800       0  SMALLCON
                cstackCOMRAM                   000001  000024  000025         1       1  COMRAM  
                idloc                          200000  000008  200008    200000       0  IDLOC   


UNUSED ADDRESS RANGES

        Name                Unused          Largest block    Delta
        BANK0            000060-0000FF               A0
        BANK1            000100-0001FF              100
        BANK10           000A00-000AFF              100
        BANK11           000B00-000BFF              100
        BANK12           000C00-000CFF              100
        BANK13           000D00-000DFF              100
        BANK14           000E00-000EFF              100
        BANK15           000F00-000F15               16
        BANK2            000200-0002FF              100
        BANK3            000300-0003FF              100
        BANK4            000400-0004FF              100
        BANK5            000500-0005FF              100
        BANK6            000600-0006FF              100
        BANK7            000700-0007FF              100
        BANK8            000800-0008FF              100
        BANK9            000900-0009FF              100
        BIGRAM           000025-000F15              EF1
        CODE             000004-000007                4
                         00000E-000017                A
                         000044-000FFF              FBC
                         001292-01FFFF            1ED6E
        COMRAM           000025-00005F               3B
        CONST            000004-000007                4
                         00000E-000017                A
                         000044-000FFF              FBC
                         001292-01FFFF            1ED6E
        EEDATA           F00000-F003FF              400
        MEDIUMCONST      001292-00FFFF             ED6E
                         011000-01FFFF             F000
        RAM              000060-000F15              100
        SFR              000F16-000FFF               4A
        SMALLCONST       001292-01FFFF              100
        STACK            000060-000F15              EB6

                                  Symbol Table

DisplayC@LCDStr          cstackCOMRAM 00000C
DisplayC@temp            cstackCOMRAM 00000E
DisplayV@LCDStr          cstackCOMRAM 000004
DisplayV@count           cstackCOMRAM 000007
DisplayV@nibble          cstackCOMRAM 000006
InitLCD@count            cstackCOMRAM 000005
InitLCD@nibble           cstackCOMRAM 000006
_Alive_count             bssCOMRAM    000022
_DisplayC                text3        00123C
_DisplayV                text5        001140
_HiPriISR                intcode      000008
_INTCON2bits             (abs)        000FF1
_INTCONbits              (abs)        000FF2
_InitLCD                 text2        001014
_Initial                 text1        0010AC
_LATB                    (abs)        000F8A
_LATBbits                (abs)        000F8A
_LATC                    (abs)        000F8B
_LATD                    (abs)        000F8C
_LATDbits                (abs)        000F8C
_LCDInitStr_             smallconst   00100B
_LCDRow1                 smallconst   001001
_LoPriISR                intcodelo    000018
_PORTB                   (abs)        000F81
_PORTDbits               (abs)        000F83
_RCONbits                (abs)        000FD0
_T0CON                   (abs)        000FD5
_T0CONbits               (abs)        000FD5
_TMR0H                   (abs)        000FD7
_TMR0L                   (abs)        000FD6
_TMR0handler             text7        00125E
_TRISB                   (abs)        000F93
_TRISBbits               (abs)        000F93
_TRISC                   (abs)        000F94
_TRISD                   (abs)        000F95
__CFG_BOREN$ON           (abs)        000000
__CFG_BORV$2             (abs)        000000
__CFG_CCP2MX$PORTC       (abs)        000000
__CFG_FOSC$HS1           (abs)        000000
__CFG_PLLCFG$OFF         (abs)        000000
__CFG_PWRTEN$ON          (abs)        000000
__CFG_WDTEN$OFF          (abs)        000000
__CFG_XINST$OFF          (abs)        000000
__HRAM                   (abs)        000000
__Habs1                  abs1         000000
__Hbank0                 bank0        000000
__Hbank1                 bank1        000000
__Hbank10                bank10       000000
__Hbank11                bank11       000000
__Hbank12                bank12       000000
__Hbank13                bank13       000000
__Hbank14                bank14       000000
__Hbank15                bank15       000000
__Hbank2                 bank2        000000
__Hbank3                 bank3        000000
__Hbank4                 bank4        000000
__Hbank5                 bank5        000000
__Hbank6                 bank6        000000
__Hbank7                 bank7        000000
__Hbank8                 bank8        000000
__Hbank9                 bank9        000000
__Hbigbss                bigbss       000000
__Hbigdata               bigdata      000000
__Hbigram                bigram       000000
__Hbss                   bss          000000
__HbssCOMRAM             bssCOMRAM    000000
__Hcinit                 cinit        000000
__Hclrtext               clrtext      000000
__Hcomram                comram       000000
__Hconfig                config       30000E
__Hconst                 const        000000
__HcstackCOMRAM          cstackCOMRAM 000000
__Hdata                  data         000000
__HdataCOMRAM            dataCOMRAM   000000
__Heeprom_data           eeprom_data  000000
__Hfarbss                farbss       000000
__Hfardata               fardata      000000
__Hibigdata              ibigdata     000000
__Hidata                 idata        000000
__HidataCOMRAM           idataCOMRAM  000000
__Hidloc                 idloc        200008
__Hifardata              ifardata     000000
__Hinit                  init         000044
__Hintcode               intcode      00000E
__Hintcode_body          intcode_body 000000
__Hintcodelo             intcodelo    000040
__Hintentry              intentry     000000
__Hintret                intret       000000
__Hintsave_regs          intsave_regs 000000
__Hirdata                irdata       000000
__Hmediumconst           mediumconst  000000
__HnvFARRAM              nvFARRAM     000000
__Hnvbit                 nvbit        000000
__Hnvrram                nvrram       000000
__Hparam                 rparam       000000
__Hpowerup               powerup      000040
__Hram                   ram          000000
__Hramtop                ramtop       001000
__Hrbit                  rbit         000000
__Hrbss                  rbss         000000
__Hrdata                 rdata        000000
__Hreset_vec             reset_vec    000004
__Hrparam                rparam       000000
__Hsfr                   sfr          000000
__Hsmallconst            smallconst   001014
__Hspace_0               (abs)        30000E
__Hspace_1               (abs)        000025
__Hspace_2               (abs)        000000
__Hstack                 stack        000000
__Hstruct                struct       000000
__Htemp                  temp         000025
__Htext                  text         000000
__Htext0                 text0        000000
__Htext1                 text1        000000
__Htext2                 text2        000000
__Htext3                 text3        000000
__Htext4                 text4        000000
__Htext5                 text5        000000
__Htext7                 text7        000000
__LRAM                   (abs)        000001
__Labs1                  abs1         000000
__Lbank0                 bank0        000000
__Lbank1                 bank1        000000
__Lbank10                bank10       000000
__Lbank11                bank11       000000
__Lbank12                bank12       000000
__Lbank13                bank13       000000
__Lbank14                bank14       000000
__Lbank15                bank15       000000
__Lbank2                 bank2        000000
__Lbank3                 bank3        000000
__Lbank4                 bank4        000000
__Lbank5                 bank5        000000
__Lbank6                 bank6        000000
__Lbank7                 bank7        000000
__Lbank8                 bank8        000000
__Lbank9                 bank9        000000
__Lbigbss                bigbss       000000
__Lbigdata               bigdata      000000
__Lbigram                bigram       000000
__Lbss                   bss          000000
__LbssCOMRAM             bssCOMRAM    000000
__Lcinit                 cinit        000000
__Lclrtext               clrtext      000000
__Lcomram                comram       000000
__Lconfig                config       300000
__Lconst                 const        000000
__LcstackCOMRAM          cstackCOMRAM 000000
__Ldata                  data         000000
__LdataCOMRAM            dataCOMRAM   000000
__Leeprom_data           eeprom_data  000000
__Lfarbss                farbss       000000
__Lfardata               fardata      000000
__Libigdata              ibigdata     000000
__Lidata                 idata        000000
__LidataCOMRAM           idataCOMRAM  000000
__Lidloc                 idloc        200000
__Lifardata              ifardata     000000
__Linit                  init         000040
__Lintcode               intcode      000008
__Lintcode_body          intcode_body 000000
__Lintcodelo             intcodelo    000018
__Lintentry              intentry     000000
__Lintret                intret       000000
__Lintsave_regs          intsave_regs 000000
__Lirdata                irdata       000000
__Lmediumconst           mediumconst  000000
__LnvFARRAM              nvFARRAM     000000
__Lnvbit                 nvbit        000000
__Lnvrram                nvrram       000000
__Lparam                 rparam       000000
__Lpowerup               powerup      000040
__Lram                   ram          000000
__Lramtop                ramtop       001000
__Lrbit                  rbit         000000
__Lrbss                  rbss         000000
__Lrdata                 rdata        000000
__Lreset_vec             reset_vec    000000
__Lrparam                rparam       000000
__Lsfr                   sfr          000000
__Lsmallconst            smallconst   001000
__Lspace_0               (abs)        000000
__Lspace_1               (abs)        000000
__Lspace_2               (abs)        000000
__Lstack                 stack        000000
__Lstruct                struct       000000
__Ltemp                  temp         000024
__Ltext                  text         000000
__Ltext0                 text0        000000
__Ltext1                 text1        000000
__Ltext2                 text2        000000
__Ltext3                 text3        000000
__Ltext4                 text4        000000
__Ltext5                 text5        000000
__Ltext7                 text7        000000
__S0                     (abs)        30000E
__S1                     (abs)        000025
__S2                     (abs)        000000
___extmem_base           (abs)        020000
___inthi_sp              stack        000000
___intlo_sp              stack        000000
___param_bank            (abs)        000000
___rparam_used           (abs)        000001
___sp                    stack        000000
__accesstop              (abs)        000060
__activetblptr           (abs)        000001
__end_of_DisplayC        text3        00125E
__end_of_DisplayV        text5        0011D0
__end_of_HiPriISR        intcode_body 001292
__end_of_InitLCD         text2        0010AC
__end_of_Initial         text1        001140
__end_of_LCDInitStr_     smallconst   001012
__end_of_LCDRow1         smallconst   00100B
__end_of_LoPriISR        intcodelo    000040
__end_of_TMR0handler     text7        001280
__end_of__initialization cinit        0011F4
__end_of_main            text0        00128E
__end_of_strcpy          text4        00123C
__initialization         cinit        0011D0
__mediumconst            mediumconst  000000
__pbssCOMRAM             bssCOMRAM    000022
__pcinit                 cinit        0011D0
__pcstackCOMRAM          cstackCOMRAM 000001
__pdataCOMRAM            dataCOMRAM   00001A
__pidataCOMRAM           idataCOMRAM  001280
__pintcode               intcode      000008
__pintcode_body          intcode_body 00128E
__pintcodelo             intcodelo    000018
__psmallconst            smallconst   001000
__ptext0                 text0        001288
__ptext1                 text1        0010AC
__ptext2                 text2        001014
__ptext3                 text3        00123C
__ptext4                 text4        001206
__ptext5                 text5        001140
__ptext7                 text7        00125E
__ramtop                 ramtop       001000
__size_of_DisplayC       (abs)        000000
__size_of_DisplayV       (abs)        000000
__size_of_HiPriISR       (abs)        000000
__size_of_InitLCD        (abs)        000000
__size_of_Initial        (abs)        000000
__size_of_LoPriISR       (abs)        000000
__size_of_TMR0handler    (abs)        000000
__size_of_main           (abs)        000000
__size_of_strcpy         (abs)        000000
__smallconst             smallconst   001000
_alive_times             dataCOMRAM   00001A
_led_max                 dataCOMRAM   000020
_main                    text0        001288
_strcpy                  text4        001206
_toggle                  dataCOMRAM   00001E
btemp                    temp         000024
end_of_initialization    cinit        0011F4
int$flags                temp         000024
int_func                 intcode_body 00128E
intlevel0                text         000000
intlevel1                text         000000
intlevel2                text         000000
intlevel3                text         000000
stackhi                  (abs)        000F15
stacklo                  (abs)        000060
start                    init         000040
start_initialization     cinit        0011D0
strcpy@d                 cstackCOMRAM 00000A
strcpy@dest              cstackCOMRAM 000004
strcpy@s                 cstackCOMRAM 000008
strcpy@src               cstackCOMRAM 000006
ttemp5                   temp         000025
ttemp6                   temp         000028
ttemp7                   temp         00002C
wtemp8                   temp         000025


FUNCTION INFORMATION:

 *************** function _main *****************
 Defined at:
		line 83 in file "lab6_orig_2020.c"
 Parameters:    Size  Location     Type
		None
 Auto vars:     Size  Location     Type
		None
 Return value:  Size  Location     Type
                  1    wreg      void 
 Registers used:
		wreg, fsr2l, fsr2h, status,2, status,0, tblptrl, tblptrh, tblptru, cstack
 Tracked objects:
		On entry : 
		On exit  : 
		Unchanged: 
 Data sizes:     COMRAM   BANK0   BANK1   BANK2   BANK3   BANK4   BANK5   BANK6   BANK7   BANK8   BANK9  BANK10  BANK11  BANK12  BANK13  BANK14  BANK15
      Params:         0       0       0       0       0       0       0       0       0       0       0       0       0       0       0       0       0
      Locals:         0       0       0       0       0       0       0       0       0       0       0       0       0       0       0       0       0
      Temps:          0       0       0       0       0       0       0       0       0       0       0       0       0       0       0       0       0
      Totals:         0       0       0       0       0       0       0       0       0       0       0       0       0       0       0       0       0
Total ram usage:        0 bytes
 Hardware stack levels required when called:    6
 This function calls:
		_Initial
 This function is called by:
		Startup code after reset
 This function uses a non-reentrant model


 *************** function _Initial *****************
 Defined at:
		line 97 in file "lab6_orig_2020.c"
 Parameters:    Size  Location     Type
		None
 Auto vars:     Size  Location     Type
		None
 Return value:  Size  Location     Type
                  1    wreg      void 
 Registers used:
		wreg, fsr2l, fsr2h, status,2, status,0, tblptrl, tblptrh, tblptru, cstack
 Tracked objects:
		On entry : 
		On exit  : 
		Unchanged: 
 Data sizes:     COMRAM   BANK0   BANK1   BANK2   BANK3   BANK4   BANK5   BANK6   BANK7   BANK8   BANK9  BANK10  BANK11  BANK12  BANK13  BANK14  BANK15
      Params:         0       0       0       0       0       0       0       0       0       0       0       0       0       0       0       0       0
      Locals:         0       0       0       0       0       0       0       0       0       0       0       0       0       0       0       0       0
      Temps:          2       0       0       0       0       0       0       0       0       0       0       0       0       0       0       0       0
      Totals:         2       0       0       0       0       0       0       0       0       0       0       0       0       0       0       0       0
Total ram usage:        2 bytes
 Hardware stack levels used:    1
 Hardware stack levels required when called:    5
 This function calls:
		_DisplayC
		_InitLCD
 This function is called by:
		_main
 This function uses a non-reentrant model


 *************** function _InitLCD *****************
 Defined at:
		line 51 in file "LCDroutinesEasyPic.c"
 Parameters:    Size  Location     Type
		None
 Auto vars:     Size  Location     Type
  nibble          1    5[COMRAM] unsigned char 
  count           1    4[COMRAM] unsigned char 
 Return value:  Size  Location     Type
                  1    wreg      void 
 Registers used:
		wreg, status,2, status,0, tblptrl, tblptrh, tblptru
 Tracked objects:
		On entry : 
		On exit  : 
		Unchanged: 
 Data sizes:     COMRAM   BANK0   BANK1   BANK2   BANK3   BANK4   BANK5   BANK6   BANK7   BANK8   BANK9  BANK10  BANK11  BANK12  BANK13  BANK14  BANK15
      Params:         0       0       0       0       0       0       0       0       0       0       0       0       0       0       0       0       0
      Locals:         2       0       0       0       0       0       0       0       0       0       0       0       0       0       0       0       0
      Temps:          1       0       0       0       0       0       0       0       0       0       0       0       0       0       0       0       0
      Totals:         3       0       0       0       0       0       0       0       0       0       0       0       0       0       0       0       0
Total ram usage:        3 bytes
 Hardware stack levels used:    1
 Hardware stack levels required when called:    3
 This function calls:
		Nothing
 This function is called by:
		_Initial
 This function uses a non-reentrant model


 *************** function _DisplayC *****************
 Defined at:
		line 94 in file "LCDroutinesEasyPic.c"
 Parameters:    Size  Location     Type
  LCDStr          2   11[COMRAM] PTR const unsigned char 
		 -> LCDRow1(10), 
 Auto vars:     Size  Location     Type
  temp           10   13[COMRAM] unsigned char [10]
 Return value:  Size  Location     Type
                  1    wreg      void 
 Registers used:
		wreg, fsr2l, fsr2h, status,2, status,0, tblptrl, tblptrh, tblptru, cstack
 Tracked objects:
		On entry : 
		On exit  : 
		Unchanged: 
 Data sizes:     COMRAM   BANK0   BANK1   BANK2   BANK3   BANK4   BANK5   BANK6   BANK7   BANK8   BANK9  BANK10  BANK11  BANK12  BANK13  BANK14  BANK15
      Params:         2       0       0       0       0       0       0       0       0       0       0       0       0       0       0       0       0
      Locals:        10       0       0       0       0       0       0       0       0       0       0       0       0       0       0       0       0
      Temps:          0       0       0       0       0       0       0       0       0       0       0       0       0       0       0       0       0
      Totals:        12       0       0       0       0       0       0       0       0       0       0       0       0       0       0       0       0
Total ram usage:       12 bytes
 Hardware stack levels used:    1
 Hardware stack levels required when called:    4
 This function calls:
		_DisplayV
		_strcpy
 This function is called by:
		_Initial
 This function uses a non-reentrant model


 *************** function _strcpy *****************
 Defined at:
		line 7 in file "/Applications/microchip/xc8/v2.05/pic/sources/c99/common/strcpy.c"
 Parameters:    Size  Location     Type
  dest            2    3[COMRAM] PTR unsigned char 
		 -> DisplayC@temp(10), 
  src             2    5[COMRAM] PTR const unsigned char 
		 -> LCDRow1(10), 
 Auto vars:     Size  Location     Type
  d               2    9[COMRAM] PTR unsigned char 
		 -> DisplayC@temp(10), 
  s               2    7[COMRAM] PTR const unsigned char 
		 -> LCDRow1(10), 
 Return value:  Size  Location     Type
                  2    3[COMRAM] PTR unsigned char 
 Registers used:
		wreg, fsr2l, fsr2h, status,2, status,0, tblptrl, tblptrh, tblptru
 Tracked objects:
		On entry : 
		On exit  : 
		Unchanged: 
 Data sizes:     COMRAM   BANK0   BANK1   BANK2   BANK3   BANK4   BANK5   BANK6   BANK7   BANK8   BANK9  BANK10  BANK11  BANK12  BANK13  BANK14  BANK15
      Params:         4       0       0       0       0       0       0       0       0       0       0       0       0       0       0       0       0
      Locals:         4       0       0       0       0       0       0       0       0       0       0       0       0       0       0       0       0
      Temps:          0       0       0       0       0       0       0       0       0       0       0       0       0       0       0       0       0
      Totals:         8       0       0       0       0       0       0       0       0       0       0       0       0       0       0       0       0
Total ram usage:        8 bytes
 Hardware stack levels used:    1
 Hardware stack levels required when called:    3
 This function calls:
		Nothing
 This function is called by:
		_DisplayC
 This function uses a non-reentrant model


 *************** function _DisplayV *****************
 Defined at:
		line 110 in file "LCDroutinesEasyPic.c"
 Parameters:    Size  Location     Type
  LCDStr          2    3[COMRAM] PTR const unsigned char 
		 -> DisplayC@temp(10), 
 Auto vars:     Size  Location     Type
  count           1    6[COMRAM] unsigned char 
  nibble          1    5[COMRAM] unsigned char 
 Return value:  Size  Location     Type
                  1    wreg      void 
 Registers used:
		wreg, fsr2l, fsr2h, status,2, status,0
 Tracked objects:
		On entry : 
		On exit  : 
		Unchanged: 
 Data sizes:     COMRAM   BANK0   BANK1   BANK2   BANK3   BANK4   BANK5   BANK6   BANK7   BANK8   BANK9  BANK10  BANK11  BANK12  BANK13  BANK14  BANK15
      Params:         2       0       0       0       0       0       0       0       0       0       0       0       0       0       0       0       0
      Locals:         2       0       0       0       0       0       0       0       0       0       0       0       0       0       0       0       0
      Temps:          0       0       0       0       0       0       0       0       0       0       0       0       0       0       0       0       0
      Totals:         4       0       0       0       0       0       0       0       0       0       0       0       0       0       0       0       0
Total ram usage:        4 bytes
 Hardware stack levels used:    1
 Hardware stack levels required when called:    3
 This function calls:
		Nothing
 This function is called by:
		_DisplayC
 This function uses a non-reentrant model


 *************** function _LoPriISR *****************
 Defined at:
		line 161 in file "lab6_orig_2020.c"
 Parameters:    Size  Location     Type
		None
 Auto vars:     Size  Location     Type
		None
 Return value:  Size  Location     Type
                  1    wreg      void 
 Registers used:
		wreg, status,2, status,0, cstack
 Tracked objects:
		On entry : 
		On exit  : 
		Unchanged: 
 Data sizes:     COMRAM   BANK0   BANK1   BANK2   BANK3   BANK4   BANK5   BANK6   BANK7   BANK8   BANK9  BANK10  BANK11  BANK12  BANK13  BANK14  BANK15
      Params:         0       0       0       0       0       0       0       0       0       0       0       0       0       0       0       0       0
      Locals:         0       0       0       0       0       0       0       0       0       0       0       0       0       0       0       0       0
      Temps:          3       0       0       0       0       0       0       0       0       0       0       0       0       0       0       0       0
      Totals:         3       0       0       0       0       0       0       0       0       0       0       0       0       0       0       0       0
Total ram usage:        3 bytes
 Hardware stack levels used:    1
 Hardware stack levels required when called:    2
 This function calls:
		_TMR0handler
 This function is called by:
		Interrupt level 1
 This function uses a non-reentrant model


 *************** function _TMR0handler *****************
 Defined at:
		line 180 in file "lab6_orig_2020.c"
 Parameters:    Size  Location     Type
		None
 Auto vars:     Size  Location     Type
		None
 Return value:  Size  Location     Type
                  1    wreg      void 
 Registers used:
		wreg, status,2, status,0
 Tracked objects:
		On entry : 
		On exit  : 
		Unchanged: 
 Data sizes:     COMRAM   BANK0   BANK1   BANK2   BANK3   BANK4   BANK5   BANK6   BANK7   BANK8   BANK9  BANK10  BANK11  BANK12  BANK13  BANK14  BANK15
      Params:         0       0       0       0       0       0       0       0       0       0       0       0       0       0       0       0       0
      Locals:         0       0       0       0       0       0       0       0       0       0       0       0       0       0       0       0       0
      Temps:          0       0       0       0       0       0       0       0       0       0       0       0       0       0       0       0       0
      Totals:         0       0       0       0       0       0       0       0       0       0       0       0       0       0       0       0       0
Total ram usage:        0 bytes
 Hardware stack levels used:    1
 Hardware stack levels required when called:    1
 This function calls:
		Nothing
 This function is called by:
		_LoPriISR
 This function uses a non-reentrant model


 *************** function _HiPriISR *****************
 Defined at:
		line 150 in file "lab6_orig_2020.c"
 Parameters:    Size  Location     Type
		None
 Auto vars:     Size  Location     Type
		None
 Return value:  Size  Location     Type
                  1    wreg      void 
 Registers used:
		None
 Tracked objects:
		On entry : 
		On exit  : 
		Unchanged: 
 Data sizes:     COMRAM   BANK0   BANK1   BANK2   BANK3   BANK4   BANK5   BANK6   BANK7   BANK8   BANK9  BANK10  BANK11  BANK12  BANK13  BANK14  BANK15
      Params:         0       0       0       0       0       0       0       0       0       0       0       0       0       0       0       0       0
      Locals:         0       0       0       0       0       0       0       0       0       0       0       0       0       0       0       0       0
      Temps:          0       0       0       0       0       0       0       0       0       0       0       0       0       0       0       0       0
      Totals:         0       0       0       0       0       0       0       0       0       0       0       0       0       0       0       0       0
Total ram usage:        0 bytes
 Hardware stack levels used:    1
 This function calls:
		Nothing
 This function is called by:
		Interrupt level 2
 This function uses a non-reentrant model



MODULE INFORMATION

Module		Function		Class		Link	Load	Size
/Applications/microchip/xc8/v2.05/pic/sources/c99/common/strcpy.c
		_strcpy        		CODE           	1206	0000	55

/Applications/microchip/xc8/v2.05/pic/sources/c99/common/strcpy.c estimated size: 55

shared
		_LCDRow1       		SMALLCONST     	1001	0000	11
		_LCDInitStr_   		SMALLCONST     	100B	0000	8
		__initialization		CODE           	11D0	0000	37

shared estimated size: 56

LCDroutinesEasyPic.c
		_InitLCD       		CODE           	1014	0000	153
		_DisplayC      		CODE           	123C	0000	35
		_DisplayV      		CODE           	1140	0000	145

LCDroutinesEasyPic.c estimated size: 333

lab6_orig_2020.c
		_TMR0handler   		CODE           	125E	0000	35
		_main          		CODE           	1288	0000	7
		_Initial       		CODE           	10AC	0000	149
		_HiPriISR      		CODE           	0008	0000	11
		_LoPriISR      		CODE           	0018	0000	41

lab6_orig_2020.c estimated size: 243

